Copyright 1986-2022 Xilinx, Inc. All Rights Reserved. Copyright 2022-2025 Advanced Micro Devices, Inc. All Rights Reserved.
--------------------------------------------------------------------------------------------------------------------------------------------------
| Tool Version      : Vivado v.2025.2 (win64) Build 6299465 Fri Nov 14 19:35:11 GMT 2025
| Date              : Sun Sep 27 09:27:35 2026
| Host              : 11LAP5CG60650LP running 64-bit major release  (build 9200)
| Command           : report_timing -from [get_ports o_ready] -to [get_ports i_ready] -file ready_path.rpt
| Design            : task_16
| Device            : xck26-sfvc784
| Speed File        : -2LV  PRODUCTION 1.30 05-15-2022
| Design State      : Routed
| Temperature Grade : C
--------------------------------------------------------------------------------------------------------------------------------------------------

Timing Report

Slack (MET) :             7.905ns  (required time - arrival time)
  Source:                 o_ready
                            (input port clocked by clk  {rise@0.000ns fall@5.000ns period=10.000ns})
  Destination:            i_ready
                            (output port clocked by clk  {rise@0.000ns fall@5.000ns period=10.000ns})
  Path Group:             clk
  Path Type:              Max at Slow Process Corner
  Requirement:            10.000ns  (clk rise@10.000ns - clk rise@0.000ns)
  Data Path Delay:        0.060ns  (logic 0.060ns (100.000%)  route 0.000ns (0.000%))
  Logic Levels:           1  (LUT6=1)
  Input Delay:            1.000ns
  Output Delay:           1.000ns
  Clock Uncertainty:      0.035ns  ((TSJ^2 + TIJ^2)^1/2 + DJ) / 2 + PE
    Total System Jitter     (TSJ):    0.071ns
    Total Input Jitter      (TIJ):    0.000ns
    Discrete Jitter          (DJ):    0.000ns
    Phase Error              (PE):    0.000ns

    Location             Delay type                Incr(ns)  Path(ns)    Netlist Resource(s)
  -------------------------------------------------------------------    -------------------
                         (clock clk rise edge)        0.000     0.000 r  
                         input delay                  1.000     1.000    
                                                      0.000     1.000 r  o_ready (IN)
                         net (fo=4, unset)            0.000     1.000    u_accumulate_pkg/o_ready
    SLICE_X43Y201        LUT6 (Prop_H6LUT_SLICEM_I5_O)
                                                      0.060     1.060 r  u_accumulate_pkg/i_ready_INST_0/O
                         net (fo=0)                   0.000     1.060    i_ready
                                                                      r  i_ready (OUT)
  -------------------------------------------------------------------    -------------------

                         (clock clk rise edge)       10.000    10.000 r  
                         clock pessimism              0.000    10.000    
                         clock uncertainty           -0.035     9.965    
                         output delay                -1.000     8.965    
  -------------------------------------------------------------------
                         required time                          8.965    
                         arrival time                          -1.060    
  -------------------------------------------------------------------
                         slack                                  7.905    




