Copyright 1986-2022 Xilinx, Inc. All Rights Reserved. Copyright 2022-2025 Advanced Micro Devices, Inc. All Rights Reserved.
--------------------------------------------------------------------------------------------------------------------------------------------------
| Tool Version      : Vivado v.2025.2 (win64) Build 6299465 Fri Nov 14 19:35:11 GMT 2025
| Date              : Sun Sep 27 10:06:42 2026
| Host              : 11LAP5CG60650LP running 64-bit major release  (build 9200)
| Command           : report_timing_summary -file timing_synth.rpt
| Design            : task_15
| Device            : xck26-sfvc784
| Speed File        : -2LV  PRODUCTION 1.30 05-15-2022
| Design State      : Synthesized
| Temperature Grade : C
--------------------------------------------------------------------------------------------------------------------------------------------------

Timing Summary Report

------------------------------------------------------------------------------------------------
| Timer Settings
| --------------
------------------------------------------------------------------------------------------------

  Enable Multi Corner Analysis               :  Yes
  Enable Pessimism Removal                   :  Yes
  Pessimism Removal Resolution               :  Nearest Common Node
  Enable Input Delay Default Clock           :  No
  Enable Preset / Clear Arcs                 :  No
  Disable Flight Delays                      :  No
  Ignore I/O Paths                           :  No
  Timing Early Launch at Borrowing Latches   :  No
  Borrow Time for Max Delay Exceptions       :  Yes
  Merge Timing Exceptions                    :  Yes
  Inter-SLR Compensation                     :  Conservative

  Corner  Analyze    Analyze    
  Name    Max Paths  Min Paths  
  ------  ---------  ---------  
  Slow    Yes        Yes        
  Fast    Yes        Yes        


------------------------------------------------------------------------------------------------
| Report Methodology
| ------------------
------------------------------------------------------------------------------------------------

No report available as report_methodology has not been run prior. Run report_methodology on the current design for the summary of methodology violations.



check_timing report

Table of Contents
-----------------
1. checking no_clock (0)
2. checking constant_clock (0)
3. checking pulse_width_clock (0)
4. checking unconstrained_internal_endpoints (0)
5. checking no_input_delay (12)
6. checking no_output_delay (10)
7. checking multiple_clock (0)
8. checking generated_clocks (0)
9. checking loops (0)
10. checking partial_input_delay (0)
11. checking partial_output_delay (0)
12. checking latch_loops (0)

1. checking no_clock (0)
------------------------
 There are 0 register/latch pins with no clock.


2. checking constant_clock (0)
------------------------------
 There are 0 register/latch pins with constant_clock.


3. checking pulse_width_clock (0)
---------------------------------
 There are 0 register/latch pins which need pulse_width check


4. checking unconstrained_internal_endpoints (0)
------------------------------------------------
 There are 0 pins that are not constrained for maximum delay.

 There are 0 pins that are not constrained for maximum delay due to constant clock.


5. checking no_input_delay (12)
-------------------------------
 There are 12 input ports with no input delay specified. (HIGH)

 There are 0 input ports with no input delay but user has a false path constraint.


6. checking no_output_delay (10)
--------------------------------
 There are 10 ports with no output delay specified. (HIGH)

 There are 0 ports with no output delay but user has a false path constraint

 There are 0 ports with no output delay but with a timing clock defined on it or propagating through it


7. checking multiple_clock (0)
------------------------------
 There are 0 register/latch pins with multiple clocks.


8. checking generated_clocks (0)
--------------------------------
 There are 0 generated clocks that are not connected to a clock source.


9. checking loops (0)
---------------------
 There are 0 combinational loops in the design.


10. checking partial_input_delay (0)
------------------------------------
 There are 0 input ports with partial input delay specified.


11. checking partial_output_delay (0)
-------------------------------------
 There are 0 ports with partial output delay specified.


12. checking latch_loops (0)
----------------------------
 There are 0 combinational latch loops in the design through latch input



------------------------------------------------------------------------------------------------
| Design Timing Summary
| ---------------------
------------------------------------------------------------------------------------------------

    WNS(ns)      TNS(ns)  TNS Failing Endpoints  TNS Total Endpoints      WHS(ns)      THS(ns)  THS Failing Endpoints  THS Total Endpoints     WPWS(ns)     TPWS(ns)  TPWS Failing Endpoints  TPWS Total Endpoints  
    -------      -------  ---------------------  -------------------      -------      -------  ---------------------  -------------------     --------     --------  ----------------------  --------------------  
      5.782        0.000                      0                 2010        0.134        0.000                      0                 2010        4.423        0.000                       0                  1248  


All user specified timing constraints are met.


------------------------------------------------------------------------------------------------
| Clock Summary
| -------------
------------------------------------------------------------------------------------------------

Clock  Waveform(ns)       Period(ns)      Frequency(MHz)
-----  ------------       ----------      --------------
i_clk  {0.000 5.000}      10.000          100.000         


------------------------------------------------------------------------------------------------
| Intra Clock Table
| -----------------
------------------------------------------------------------------------------------------------

Clock             WNS(ns)      TNS(ns)  TNS Failing Endpoints  TNS Total Endpoints      WHS(ns)      THS(ns)  THS Failing Endpoints  THS Total Endpoints     WPWS(ns)     TPWS(ns)  TPWS Failing Endpoints  TPWS Total Endpoints  
-----             -------      -------  ---------------------  -------------------      -------      -------  ---------------------  -------------------     --------     --------  ----------------------  --------------------  
i_clk               5.782        0.000                      0                 2010        0.134        0.000                      0                 2010        4.423        0.000                       0                  1248  


------------------------------------------------------------------------------------------------
| Inter Clock Table
| -----------------
------------------------------------------------------------------------------------------------

From Clock    To Clock          WNS(ns)      TNS(ns)  TNS Failing Endpoints  TNS Total Endpoints      WHS(ns)      THS(ns)  THS Failing Endpoints  THS Total Endpoints  
----------    --------          -------      -------  ---------------------  -------------------      -------      -------  ---------------------  -------------------  


------------------------------------------------------------------------------------------------
| Other Path Groups Table
| -----------------------
------------------------------------------------------------------------------------------------

Path Group    From Clock    To Clock          WNS(ns)      TNS(ns)  TNS Failing Endpoints  TNS Total Endpoints      WHS(ns)      THS(ns)  THS Failing Endpoints  THS Total Endpoints  
----------    ----------    --------          -------      -------  ---------------------  -------------------      -------      -------  ---------------------  -------------------  


------------------------------------------------------------------------------------------------
| Timing Details
| --------------
------------------------------------------------------------------------------------------------


---------------------------------------------------------------------------------------------------
From Clock:  i_clk
  To Clock:  i_clk

Setup :            0  Failing Endpoints,  Worst Slack        5.782ns,  Total Violation        0.000ns
Hold  :            0  Failing Endpoints,  Worst Slack        0.134ns,  Total Violation        0.000ns
PW    :            0  Failing Endpoints,  Worst Slack        4.423ns,  Total Violation        0.000ns
---------------------------------------------------------------------------------------------------


Max Delay Paths
--------------------------------------------------------------------------------------
Slack (MET) :             5.782ns  (required time - arrival time)
  Source:                 rank_count_reg[1]/C
                            (rising edge-triggered cell FDRE clocked by i_clk  {rise@0.000ns fall@5.000ns period=10.000ns})
  Destination:            state1/DSP_OUTPUT_INST/ALU_OUT[10]
                            (rising edge-triggered cell DSP_OUTPUT clocked by i_clk  {rise@0.000ns fall@5.000ns period=10.000ns})
  Path Group:             i_clk
  Path Type:              Setup (Max at Slow Process Corner)
  Requirement:            10.000ns  (i_clk rise@10.000ns - i_clk rise@0.000ns)
  Data Path Delay:        4.211ns  (logic 2.611ns (62.004%)  route 1.600ns (37.996%))
  Logic Levels:           11  (DSP_A_B_DATA=1 DSP_ALU=1 DSP_M_DATA=1 DSP_MULTIPLIER=1 DSP_PREADD_DATA=1 LUT2=1 LUT3=1 LUT6=4)
  Clock Path Skew:        0.014ns (DCD - SCD + CPR)
    Destination Clock Delay (DCD):    0.055ns = ( 10.055 - 10.000 ) 
    Source Clock Delay      (SCD):    0.041ns
    Clock Pessimism Removal (CPR):    0.000ns
  Clock Uncertainty:      0.035ns  ((TSJ^2 + TIJ^2)^1/2 + DJ) / 2 + PE
    Total System Jitter     (TSJ):    0.071ns
    Total Input Jitter      (TIJ):    0.000ns
    Discrete Jitter          (DJ):    0.000ns
    Phase Error              (PE):    0.000ns

    Location             Delay type                Incr(ns)  Path(ns)    Netlist Resource(s)
  -------------------------------------------------------------------    -------------------
                         (clock i_clk rise edge)      0.000     0.000 r  
                                                      0.000     0.000 r  i_clk (IN)
                         net (fo=1252, unset)         0.041     0.041    i_clk
                         FDRE                                         r  rank_count_reg[1]/C
  -------------------------------------------------------------------    -------------------
                         FDRE (Prop_FDRE_C_Q)         0.114     0.155 f  rank_count_reg[1]/Q
                         net (fo=186, unplaced)       0.274     0.429    rank_count_reg_n_0_[1]
                         LUT6 (Prop_LUT6_I0_O)        0.225     0.654 r  state1_i_23/O
                         net (fo=3, unplaced)         0.217     0.871    state1_i_23_n_0
                         LUT3 (Prop_LUT3_I1_O)        0.095     0.966 r  state1_i_18/O
                         net (fo=10, unplaced)        0.244     1.210    state1_i_18_n_0
                         LUT6 (Prop_LUT6_I5_O)        0.058     1.268 r  state1_i_21/O
                         net (fo=1, unplaced)         0.153     1.421    state1_i_21_n_0
                         LUT6 (Prop_LUT6_I1_O)        0.137     1.558 r  state1_i_15/O
                         net (fo=4, unplaced)         0.223     1.781    state1_i_15_n_0
                         LUT2 (Prop_LUT2_I0_O)        0.058     1.839 r  state1_i_19/O
                         net (fo=8, unplaced)         0.239     2.078    state1_i_19_n_0
                         LUT6 (Prop_LUT6_I1_O)        0.058     2.136 f  state1_i_6/O
                         net (fo=2, unplaced)         0.250     2.386    state1/A[8]
                         DSP_A_B_DATA (Prop_DSP_A_B_DATA_A[8]_A2_DATA[8])
                                                      0.258     2.644 r  state1/DSP_A_B_DATA_INST/A2_DATA[8]
                         net (fo=1, unplaced)         0.000     2.644    state1/DSP_A_B_DATA.A2_DATA<8>
                         DSP_PREADD_DATA (Prop_DSP_PREADD_DATA_A2_DATA[8]_A2A1[8])
                                                      0.114     2.758 r  state1/DSP_PREADD_DATA_INST/A2A1[8]
                         net (fo=1, unplaced)         0.000     2.758    state1/DSP_PREADD_DATA.A2A1<8>
                         DSP_MULTIPLIER (Prop_DSP_MULTIPLIER_A2A1[8]_U[10])
                                                      0.700     3.458 f  state1/DSP_MULTIPLIER_INST/U[10]
                         net (fo=1, unplaced)         0.000     3.458    state1/DSP_MULTIPLIER.U<10>
                         DSP_M_DATA (Prop_DSP_M_DATA_U[10]_U_DATA[10])
                                                      0.067     3.525 r  state1/DSP_M_DATA_INST/U_DATA[10]
                         net (fo=1, unplaced)         0.000     3.525    state1/DSP_M_DATA.U_DATA<10>
                         DSP_ALU (Prop_DSP_ALU_U_DATA[10]_ALU_OUT[10])
                                                      0.727     4.252 r  state1/DSP_ALU_INST/ALU_OUT[10]
                         net (fo=1, unplaced)         0.000     4.252    state1/DSP_ALU.ALU_OUT<10>
                         DSP_OUTPUT                                   r  state1/DSP_OUTPUT_INST/ALU_OUT[10]
  -------------------------------------------------------------------    -------------------

                         (clock i_clk rise edge)     10.000    10.000 r  
                                                      0.000    10.000 r  i_clk (IN)
                         net (fo=1252, unset)         0.055    10.055    state1/CLK
                         DSP_OUTPUT                                   r  state1/DSP_OUTPUT_INST/CLK
                         clock pessimism              0.000    10.055    
                         clock uncertainty           -0.035    10.020    
                         DSP_OUTPUT (Setup_DSP_OUTPUT_CLK_ALU_OUT[10])
                                                      0.014    10.034    state1/DSP_OUTPUT_INST
  -------------------------------------------------------------------
                         required time                         10.034    
                         arrival time                          -4.252    
  -------------------------------------------------------------------
                         slack                                  5.782    





Min Delay Paths
--------------------------------------------------------------------------------------
Slack (MET) :             0.134ns  (arrival time - required time)
  Source:                 byte_idx_reg[7]/C
                            (rising edge-triggered cell FDRE clocked by i_clk  {rise@0.000ns fall@5.000ns period=10.000ns})
  Destination:            byte_idx_reg[7]/D
                            (rising edge-triggered cell FDRE clocked by i_clk  {rise@0.000ns fall@5.000ns period=10.000ns})
  Path Group:             i_clk
  Path Type:              Hold (Min at Fast Process Corner)
  Requirement:            0.000ns  (i_clk rise@0.000ns - i_clk rise@0.000ns)
  Data Path Delay:        0.183ns  (logic 0.122ns (66.667%)  route 0.061ns (33.333%))
  Logic Levels:           1  (LUT4=1)
  Clock Path Skew:        0.005ns (DCD - SCD - CPR)
    Destination Clock Delay (DCD):    0.019ns
    Source Clock Delay      (SCD):    0.014ns
    Clock Pessimism Removal (CPR):    -0.000ns

    Location             Delay type                Incr(ns)  Path(ns)    Netlist Resource(s)
  -------------------------------------------------------------------    -------------------
                         (clock i_clk rise edge)      0.000     0.000 r  
                                                      0.000     0.000 r  i_clk (IN)
                         net (fo=1252, unset)         0.014     0.014    i_clk
                         FDRE                                         r  byte_idx_reg[7]/C
  -------------------------------------------------------------------    -------------------
                         FDRE (Prop_FDRE_C_Q)         0.084     0.098 r  byte_idx_reg[7]/Q
                         net (fo=2, unplaced)         0.043     0.141    byte_idx_reg_n_0_[7]
                         LUT4 (Prop_LUT4_I3_O)        0.038     0.179 r  byte_idx[7]_i_2/O
                         net (fo=1, unplaced)         0.018     0.197    byte_idx[7]_i_2_n_0
                         FDRE                                         r  byte_idx_reg[7]/D
  -------------------------------------------------------------------    -------------------

                         (clock i_clk rise edge)      0.000     0.000 r  
                                                      0.000     0.000 r  i_clk (IN)
                         net (fo=1252, unset)         0.019     0.019    i_clk
                         FDRE                                         r  byte_idx_reg[7]/C
                         clock pessimism              0.000     0.019    
                         FDRE (Hold_FDRE_C_D)         0.044     0.063    byte_idx_reg[7]
  -------------------------------------------------------------------
                         required time                         -0.063    
                         arrival time                           0.197    
  -------------------------------------------------------------------
                         slack                                  0.134    





Pulse Width Checks
--------------------------------------------------------------------------------------
Clock Name:         i_clk
Waveform(ns):       { 0.000 5.000 }
Period(ns):         10.000
Sources:            { i_clk }

Check Type        Corner  Lib Pin             Reference Pin  Required(ns)  Actual(ns)  Slack(ns)  Location  Pin
Min Period        n/a     RAMB36E2/CLKARDCLK  n/a            1.960         10.000      8.040                out_mem_reg_bram_0/CLKARDCLK
Low Pulse Width   Slow    RAMB36E2/CLKARDCLK  n/a            0.577         5.000       4.423                out_mem_reg_bram_0/CLKARDCLK
High Pulse Width  Slow    RAMB36E2/CLKARDCLK  n/a            0.577         5.000       4.423                out_mem_reg_bram_0/CLKARDCLK



