Copyright 1986-2022 Xilinx, Inc. All Rights Reserved. Copyright 2022-2025 Advanced Micro Devices, Inc. All Rights Reserved.
--------------------------------------------------------------------------------------------------------------------------------------------------
| Tool Version      : Vivado v.2025.2 (win64) Build 6299465 Fri Nov 14 19:35:11 GMT 2025
| Date              : Sun Sep 27 09:27:35 2026
| Host              : 11LAP5CG60650LP running 64-bit major release  (build 9200)
| Command           : report_timing_summary -file timing.rpt
| Design            : task_16
| Device            : xck26-sfvc784
| Speed File        : -2LV  PRODUCTION 1.30 05-15-2022
| Design State      : Routed
| Temperature Grade : C
--------------------------------------------------------------------------------------------------------------------------------------------------

Timing Summary Report

------------------------------------------------------------------------------------------------
| Timer Settings
| --------------
------------------------------------------------------------------------------------------------

  Enable Multi Corner Analysis               :  Yes
  Enable Pessimism Removal                   :  Yes
  Pessimism Removal Resolution               :  Nearest Common Node
  Enable Input Delay Default Clock           :  No
  Enable Preset / Clear Arcs                 :  No
  Disable Flight Delays                      :  No
  Ignore I/O Paths                           :  No
  Timing Early Launch at Borrowing Latches   :  No
  Borrow Time for Max Delay Exceptions       :  Yes
  Merge Timing Exceptions                    :  Yes
  Inter-SLR Compensation                     :  Conservative

  Corner  Analyze    Analyze    
  Name    Max Paths  Min Paths  
  ------  ---------  ---------  
  Slow    Yes        Yes        
  Fast    Yes        Yes        


------------------------------------------------------------------------------------------------
| Report Methodology
| ------------------
------------------------------------------------------------------------------------------------

No report available as report_methodology has not been run prior. Run report_methodology on the current design for the summary of methodology violations.



check_timing report

Table of Contents
-----------------
1. checking no_clock (0)
2. checking constant_clock (0)
3. checking pulse_width_clock (0)
4. checking unconstrained_internal_endpoints (0)
5. checking no_input_delay (0)
6. checking no_output_delay (0)
7. checking multiple_clock (0)
8. checking generated_clocks (0)
9. checking loops (0)
10. checking partial_input_delay (0)
11. checking partial_output_delay (0)
12. checking latch_loops (0)

1. checking no_clock (0)
------------------------
 There are 0 register/latch pins with no clock.


2. checking constant_clock (0)
------------------------------
 There are 0 register/latch pins with constant_clock.


3. checking pulse_width_clock (0)
---------------------------------
 There are 0 register/latch pins which need pulse_width check


4. checking unconstrained_internal_endpoints (0)
------------------------------------------------
 There are 0 pins that are not constrained for maximum delay.

 There are 0 pins that are not constrained for maximum delay due to constant clock.


5. checking no_input_delay (0)
------------------------------
 There are 0 input ports with no input delay specified.

 There are 0 input ports with no input delay but user has a false path constraint.


6. checking no_output_delay (0)
-------------------------------
 There are 0 ports with no output delay specified.

 There are 0 ports with no output delay but user has a false path constraint

 There are 0 ports with no output delay but with a timing clock defined on it or propagating through it


7. checking multiple_clock (0)
------------------------------
 There are 0 register/latch pins with multiple clocks.


8. checking generated_clocks (0)
--------------------------------
 There are 0 generated clocks that are not connected to a clock source.


9. checking loops (0)
---------------------
 There are 0 combinational loops in the design.


10. checking partial_input_delay (0)
------------------------------------
 There are 0 input ports with partial input delay specified.


11. checking partial_output_delay (0)
-------------------------------------
 There are 0 ports with partial output delay specified.


12. checking latch_loops (0)
----------------------------
 There are 0 combinational latch loops in the design through latch input



------------------------------------------------------------------------------------------------
| Design Timing Summary
| ---------------------
------------------------------------------------------------------------------------------------

    WNS(ns)      TNS(ns)  TNS Failing Endpoints  TNS Total Endpoints      WHS(ns)      THS(ns)  THS Failing Endpoints  THS Total Endpoints     WPWS(ns)     TPWS(ns)  TPWS Failing Endpoints  TPWS Total Endpoints  
    -------      -------  ---------------------  -------------------      -------      -------  ---------------------  -------------------     --------     --------  ----------------------  --------------------  
      7.070        0.000                      0                  243        0.113        0.000                      0                  243        4.725        0.000                       0                    69  


All user specified timing constraints are met.


------------------------------------------------------------------------------------------------
| Clock Summary
| -------------
------------------------------------------------------------------------------------------------

Clock  Waveform(ns)       Period(ns)      Frequency(MHz)
-----  ------------       ----------      --------------
clk    {0.000 5.000}      10.000          100.000         


------------------------------------------------------------------------------------------------
| Intra Clock Table
| -----------------
------------------------------------------------------------------------------------------------

Clock             WNS(ns)      TNS(ns)  TNS Failing Endpoints  TNS Total Endpoints      WHS(ns)      THS(ns)  THS Failing Endpoints  THS Total Endpoints     WPWS(ns)     TPWS(ns)  TPWS Failing Endpoints  TPWS Total Endpoints  
-----             -------      -------  ---------------------  -------------------      -------      -------  ---------------------  -------------------     --------     --------  ----------------------  --------------------  
clk                 7.070        0.000                      0                  243        0.113        0.000                      0                  243        4.725        0.000                       0                    69  


------------------------------------------------------------------------------------------------
| Inter Clock Table
| -----------------
------------------------------------------------------------------------------------------------

From Clock    To Clock          WNS(ns)      TNS(ns)  TNS Failing Endpoints  TNS Total Endpoints      WHS(ns)      THS(ns)  THS Failing Endpoints  THS Total Endpoints  
----------    --------          -------      -------  ---------------------  -------------------      -------      -------  ---------------------  -------------------  


------------------------------------------------------------------------------------------------
| Other Path Groups Table
| -----------------------
------------------------------------------------------------------------------------------------

Path Group    From Clock    To Clock          WNS(ns)      TNS(ns)  TNS Failing Endpoints  TNS Total Endpoints      WHS(ns)      THS(ns)  THS Failing Endpoints  THS Total Endpoints  
----------    ----------    --------          -------      -------  ---------------------  -------------------      -------      -------  ---------------------  -------------------  


------------------------------------------------------------------------------------------------
| Timing Details
| --------------
------------------------------------------------------------------------------------------------


---------------------------------------------------------------------------------------------------
From Clock:  clk
  To Clock:  clk

Setup :            0  Failing Endpoints,  Worst Slack        7.070ns,  Total Violation        0.000ns
Hold  :            0  Failing Endpoints,  Worst Slack        0.113ns,  Total Violation        0.000ns
PW    :            0  Failing Endpoints,  Worst Slack        4.725ns,  Total Violation        0.000ns
---------------------------------------------------------------------------------------------------


Max Delay Paths
--------------------------------------------------------------------------------------
Slack (MET) :             7.070ns  (required time - arrival time)
  Source:                 o_ready
                            (input port clocked by clk  {rise@0.000ns fall@5.000ns period=10.000ns})
  Destination:            u_accumulate_pkg/shift_reg_reg[11]/CE
                            (rising edge-triggered cell FDRE clocked by clk  {rise@0.000ns fall@5.000ns period=10.000ns})
  Path Group:             clk
  Path Type:              Setup (Max at Slow Process Corner)
  Requirement:            10.000ns  (clk rise@10.000ns - clk rise@0.000ns)
  Data Path Delay:        1.845ns  (logic 0.442ns (23.957%)  route 1.403ns (76.043%))
  Logic Levels:           3  (LUT2=1 LUT5=1 LUT6=1)
  Input Delay:            1.000ns
  Clock Path Skew:        0.030ns (DCD - SCD + CPR)
    Destination Clock Delay (DCD):    0.030ns = ( 10.030 - 10.000 ) 
    Source Clock Delay      (SCD):    0.000ns
    Clock Pessimism Removal (CPR):    0.000ns
  Clock Uncertainty:      0.035ns  ((TSJ^2 + TIJ^2)^1/2 + DJ) / 2 + PE
    Total System Jitter     (TSJ):    0.071ns
    Total Input Jitter      (TIJ):    0.000ns
    Discrete Jitter          (DJ):    0.000ns
    Phase Error              (PE):    0.000ns

    Location             Delay type                Incr(ns)  Path(ns)    Netlist Resource(s)
  -------------------------------------------------------------------    -------------------
                         (clock clk rise edge)        0.000     0.000 r  
                         input delay                  1.000     1.000    
                                                      0.000     1.000 r  o_ready (IN)
                         net (fo=4, unset)            0.000     1.000    u_accumulate_pkg/o_ready
    SLICE_X42Y202        LUT6 (Prop_F6LUT_SLICEL_I5_O)
                                                      0.056     1.056 r  u_accumulate_pkg/shift_reg[31]_i_3/O
                         net (fo=20, routed)          0.551     1.607    u_accumulate_pkg/out_fire
    SLICE_X44Y203        LUT5 (Prop_A5LUT_SLICEL_I2_O)
                                                      0.192     1.799 f  u_accumulate_pkg/shift_reg[23]_i_4/O
                         net (fo=26, routed)          0.249     2.047    u_accumulate_pkg/shift_reg[23]_i_4_n_0
    SLICE_X45Y201        LUT2 (Prop_A5LUT_SLICEM_I1_O)
                                                      0.194     2.241 r  u_accumulate_pkg/shift_reg[15]_i_1/O
                         net (fo=8, routed)           0.604     2.845    u_accumulate_pkg/shift_reg[15]_i_1_n_0
    SLICE_X43Y202        FDRE                                         r  u_accumulate_pkg/shift_reg_reg[11]/CE
  -------------------------------------------------------------------    -------------------

                         (clock clk rise edge)       10.000    10.000 r  
                                                      0.000    10.000 r  i_clk (IN)
                         net (fo=68, unset)           0.030    10.030    u_accumulate_pkg/i_clk
    SLICE_X43Y202        FDRE                                         r  u_accumulate_pkg/shift_reg_reg[11]/C
                         clock pessimism              0.000    10.030    
                         clock uncertainty           -0.035     9.995    
    SLICE_X43Y202        FDRE (Setup_DFF_SLICEM_C_CE)
                                                     -0.080     9.915    u_accumulate_pkg/shift_reg_reg[11]
  -------------------------------------------------------------------
                         required time                          9.915    
                         arrival time                          -2.845    
  -------------------------------------------------------------------
                         slack                                  7.070    





Min Delay Paths
--------------------------------------------------------------------------------------
Slack (MET) :             0.113ns  (arrival time - required time)
  Source:                 u_accumulate_pkg/shift_reg_reg[34]/C
                            (rising edge-triggered cell FDRE clocked by clk  {rise@0.000ns fall@5.000ns period=10.000ns})
  Destination:            u_accumulate_pkg/shift_reg_reg[2]/D
                            (rising edge-triggered cell FDRE clocked by clk  {rise@0.000ns fall@5.000ns period=10.000ns})
  Path Group:             clk
  Path Type:              Hold (Min at Fast Process Corner)
  Requirement:            0.000ns  (clk rise@0.000ns - clk rise@0.000ns)
  Data Path Delay:        0.162ns  (logic 0.121ns (74.691%)  route 0.041ns (25.309%))
  Logic Levels:           1  (LUT5=1)
  Clock Path Skew:        0.005ns (DCD - SCD - CPR)
    Destination Clock Delay (DCD):    0.019ns
    Source Clock Delay      (SCD):    0.014ns
    Clock Pessimism Removal (CPR):    -0.000ns

    Location             Delay type                Incr(ns)  Path(ns)    Netlist Resource(s)
  -------------------------------------------------------------------    -------------------
                         (clock clk rise edge)        0.000     0.000 r  
                                                      0.000     0.000 r  i_clk (IN)
                         net (fo=68, unset)           0.014     0.014    u_accumulate_pkg/i_clk
    SLICE_X46Y202        FDRE                                         r  u_accumulate_pkg/shift_reg_reg[34]/C
  -------------------------------------------------------------------    -------------------
    SLICE_X46Y202        FDRE (Prop_GFF_SLICEL_C_Q)
                                                      0.084     0.098 r  u_accumulate_pkg/shift_reg_reg[34]/Q
                         net (fo=1, routed)           0.023     0.121    u_accumulate_pkg/p_0_in[2]
    SLICE_X46Y202        LUT5 (Prop_D6LUT_SLICEL_I0_O)
                                                      0.037     0.158 r  u_accumulate_pkg/shift_reg[2]_i_1/O
                         net (fo=1, routed)           0.018     0.176    u_accumulate_pkg/shift_reg[2]_i_1_n_0
    SLICE_X46Y202        FDRE                                         r  u_accumulate_pkg/shift_reg_reg[2]/D
  -------------------------------------------------------------------    -------------------

                         (clock clk rise edge)        0.000     0.000 r  
                                                      0.000     0.000 r  i_clk (IN)
                         net (fo=68, unset)           0.019     0.019    u_accumulate_pkg/i_clk
    SLICE_X46Y202        FDRE                                         r  u_accumulate_pkg/shift_reg_reg[2]/C
                         clock pessimism              0.000     0.019    
    SLICE_X46Y202        FDRE (Hold_DFF_SLICEL_C_D)
                                                      0.044     0.063    u_accumulate_pkg/shift_reg_reg[2]
  -------------------------------------------------------------------
                         required time                         -0.063    
                         arrival time                           0.176    
  -------------------------------------------------------------------
                         slack                                  0.113    





Pulse Width Checks
--------------------------------------------------------------------------------------
Clock Name:         clk
Waveform(ns):       { 0.000 5.000 }
Period(ns):         10.000
Sources:            { i_clk }

Check Type        Corner  Lib Pin  Reference Pin  Required(ns)  Actual(ns)  Slack(ns)  Location       Pin
Min Period        n/a     FDRE/C   n/a            0.550         10.000      9.450      SLICE_X43Y201  u_accumulate_pkg/byte_cnt_reg[0]/C
Low Pulse Width   Slow    FDRE/C   n/a            0.275         5.000       4.725      SLICE_X43Y201  u_accumulate_pkg/byte_cnt_reg[0]/C
High Pulse Width  Slow    FDRE/C   n/a            0.275         5.000       4.725      SLICE_X43Y201  u_accumulate_pkg/byte_cnt_reg[0]/C



